// Jest Snapshot v1, https://goo.gl/fbAQLP

exports[`Should correctly render 404 component 1`] = `
<div>
  404! 
  <Link
    replace={false}
    to="/"
  >
    Go to Dashboard
  </Link>
</div>
`;
