// Jest Snapshot v1, https://goo.gl/fbAQLP

exports[`Should correctly generate LoadingPage 1`] = `
<div
  className="loader"
>
  <img
    src="/images/loader.gif"
  />
  <p>
    Loading...
  </p>
</div>
`;
