// Jest Snapshot v1, https://goo.gl/fbAQLP

exports[`Should correctly render TodoDashboardPage component 1`] = `
<div>
  This is my TodoDashboardPage.
  <Connect(TodoListFilters) />
  <Connect(TodoList) />
</div>
`;
